
> jarvis@0.1.0 test
> jest --watch

No tests found related to files changed since last commit.

